Archive member included because of file (symbol)

c:/program files (x86)/atmel/atmel toolchain/avr8 gcc/native/3.4.1061/avr8-gnu-toolchain/bin/../lib/gcc/avr/4.8.1/../../../../avr/lib/avr6\libprintf_flt.a(vfprintf_flt.o)
                              (vfprintf)
c:/program files (x86)/atmel/atmel toolchain/avr8 gcc/native/3.4.1061/avr8-gnu-toolchain/bin/../lib/gcc/avr/4.8.1/avr6\libgcc.a(_mulsi3.o)
                              src/press_sensor.o (__mulsi3)
c:/program files (x86)/atmel/atmel toolchain/avr8 gcc/native/3.4.1061/avr8-gnu-toolchain/bin/../lib/gcc/avr/4.8.1/avr6\libgcc.a(_udivmodsi4.o)
                              src/press_sensor.o (__udivmodsi4)
c:/program files (x86)/atmel/atmel toolchain/avr8 gcc/native/3.4.1061/avr8-gnu-toolchain/bin/../lib/gcc/avr/4.8.1/avr6\libgcc.a(_exit.o)
                              c:/program files (x86)/atmel/atmel toolchain/avr8 gcc/native/3.4.1061/avr8-gnu-toolchain/bin/../lib/gcc/avr/4.8.1/../../../../avr/lib/avr6/crtm2560.o (exit)
c:/program files (x86)/atmel/atmel toolchain/avr8 gcc/native/3.4.1061/avr8-gnu-toolchain/bin/../lib/gcc/avr/4.8.1/avr6\libgcc.a(_tablejump.o)
                              src/press_sensor.o (__tablejump2__)
c:/program files (x86)/atmel/atmel toolchain/avr8 gcc/native/3.4.1061/avr8-gnu-toolchain/bin/../lib/gcc/avr/4.8.1/avr6\libgcc.a(_copy_data.o)
                              src/press_sensor.o (__do_copy_data)
c:/program files (x86)/atmel/atmel toolchain/avr8 gcc/native/3.4.1061/avr8-gnu-toolchain/bin/../lib/gcc/avr/4.8.1/avr6\libgcc.a(_clear_bss.o)
                              src/crc8.o (__do_clear_bss)
c:/program files (x86)/atmel/atmel toolchain/avr8 gcc/native/3.4.1061/avr8-gnu-toolchain/bin/../lib/gcc/avr/4.8.1/avr6\libgcc.a(_muluhisi3.o)
                              src/press_sensor.o (__muluhisi3)
c:/program files (x86)/atmel/atmel toolchain/avr8 gcc/native/3.4.1061/avr8-gnu-toolchain/bin/../lib/gcc/avr/4.8.1/avr6\libgcc.a(_mulshisi3.o)
                              src/press_sensor.o (__mulohisi3)
c:/program files (x86)/atmel/atmel toolchain/avr8 gcc/native/3.4.1061/avr8-gnu-toolchain/bin/../lib/gcc/avr/4.8.1/avr6\libgcc.a(_umulhisi3.o)
                              c:/program files (x86)/atmel/atmel toolchain/avr8 gcc/native/3.4.1061/avr8-gnu-toolchain/bin/../lib/gcc/avr/4.8.1/avr6\libgcc.a(_muluhisi3.o) (__umulhisi3)
c:/program files (x86)/atmel/atmel toolchain/avr8 gcc/native/3.4.1061/avr8-gnu-toolchain/bin/../lib/gcc/avr/4.8.1/../../../../avr/lib/avr6\libm.a(addsf3.o)
                              src/press_sensor.o (__subsf3)
c:/program files (x86)/atmel/atmel toolchain/avr8 gcc/native/3.4.1061/avr8-gnu-toolchain/bin/../lib/gcc/avr/4.8.1/../../../../avr/lib/avr6\libm.a(addsf3x.o)
                              c:/program files (x86)/atmel/atmel toolchain/avr8 gcc/native/3.4.1061/avr8-gnu-toolchain/bin/../lib/gcc/avr/4.8.1/../../../../avr/lib/avr6\libm.a(addsf3.o) (__addsf3x)
c:/program files (x86)/atmel/atmel toolchain/avr8 gcc/native/3.4.1061/avr8-gnu-toolchain/bin/../lib/gcc/avr/4.8.1/../../../../avr/lib/avr6\libm.a(cmpsf2.o)
                              src/press_sensor.o (__ltsf2)
c:/program files (x86)/atmel/atmel toolchain/avr8 gcc/native/3.4.1061/avr8-gnu-toolchain/bin/../lib/gcc/avr/4.8.1/../../../../avr/lib/avr6\libm.a(divsf3.o)
                              src/press_sensor.o (__divsf3)
c:/program files (x86)/atmel/atmel toolchain/avr8 gcc/native/3.4.1061/avr8-gnu-toolchain/bin/../lib/gcc/avr/4.8.1/../../../../avr/lib/avr6\libm.a(divsf3x.o)
                              c:/program files (x86)/atmel/atmel toolchain/avr8 gcc/native/3.4.1061/avr8-gnu-toolchain/bin/../lib/gcc/avr/4.8.1/../../../../avr/lib/avr6\libm.a(divsf3.o) (__divsf3x)
c:/program files (x86)/atmel/atmel toolchain/avr8 gcc/native/3.4.1061/avr8-gnu-toolchain/bin/../lib/gcc/avr/4.8.1/../../../../avr/lib/avr6\libm.a(fixsfsi.o)
                              src/press_sensor.o (__fixsfsi)
c:/program files (x86)/atmel/atmel toolchain/avr8 gcc/native/3.4.1061/avr8-gnu-toolchain/bin/../lib/gcc/avr/4.8.1/../../../../avr/lib/avr6\libm.a(fixunssfsi.o)
                              src/press_sensor.o (__fixunssfsi)
c:/program files (x86)/atmel/atmel toolchain/avr8 gcc/native/3.4.1061/avr8-gnu-toolchain/bin/../lib/gcc/avr/4.8.1/../../../../avr/lib/avr6\libm.a(floatsisf.o)
                              src/press_sensor.o (__floatunsisf)
c:/program files (x86)/atmel/atmel toolchain/avr8 gcc/native/3.4.1061/avr8-gnu-toolchain/bin/../lib/gcc/avr/4.8.1/../../../../avr/lib/avr6\libm.a(fp_cmp.o)
                              c:/program files (x86)/atmel/atmel toolchain/avr8 gcc/native/3.4.1061/avr8-gnu-toolchain/bin/../lib/gcc/avr/4.8.1/../../../../avr/lib/avr6\libm.a(cmpsf2.o) (__fp_cmp)
c:/program files (x86)/atmel/atmel toolchain/avr8 gcc/native/3.4.1061/avr8-gnu-toolchain/bin/../lib/gcc/avr/4.8.1/../../../../avr/lib/avr6\libm.a(fp_inf.o)
[...]
Memory Configuration

Name             Origin             Length             Attributes
text             0x00000000         0x00100000         xr
data             0x00800200         0x0000fe00         rw !x
eeprom           0x00810000         0x00010000         rw !x
fuse             0x00820000         0x00000400         rw !x
lock             0x00830000         0x00000400         rw !x
signature        0x00840000         0x00000400         rw !x
user_signatures  0x00850000         0x00000400         rw !x
*default*        0x00000000         0xffffffff

Linker script and memory map

Address of section .data set to 0x800200
LOAD c:/program files (x86)/atmel/atmel toolchain/avr8 gcc/native/3.4.1061/avr8-gnu-toolchain/bin/../lib/gcc/avr/4.8.1/../../../../avr/lib/avr6/crtm2560.o
LOAD src/crc8.o
LOAD src/press_sensor.o
LOAD src/uv_sensor.o
LOAD src/ASF/common/services/clock/mega/sysclk.o
LOAD src/main.o
LOAD src/ASF/common/boards/user_board/init.o
START GROUP
END GROUP
LOAD c:/program files (x86)/atmel/atmel toolchain/avr8 gcc/native/3.4.1061/avr8-gnu-toolchain/bin/../lib/gcc/avr/4.8.1/../../../../avr/lib/avr6\libprintf_flt.a
START GROUP
LOAD c:/program files (x86)/atmel/atmel toolchain/avr8 gcc/native/3.4.1061/avr8-gnu-toolchain/bin/../lib/gcc/avr/4.8.1/avr6\libgcc.a
LOAD c:/program files (x86)/atmel/atmel toolchain/avr8 gcc/native/3.4.1061/avr8-gnu-toolchain/bin/../lib/gcc/avr/4.8.1/../../../../avr/lib/avr6\libm.a
LOAD c:/program files (x86)/atmel/atmel toolchain/avr8 gcc/native/3.4.1061/avr8-gnu-toolchain/bin/../lib/gcc/avr/4.8.1/../../../../avr/lib/avr6\libc.a
END GROUP

.hash
 *(.hash)

.dynsym
 *(.dynsym)

.dynstr
 *(.dynstr)

.gnu.version
 *(.gnu.version)

.gnu.version_d
 *(.gnu.version_d)

.gnu.version_r
 *(.gnu.version_r)

.rel.init
 *(.rel.init)

.rela.init
 *(.rela.init)

.rel.text
 *(.rel.text)
 *(.rel.text.*)
 *(.rel.gnu.linkonce.t*)

.rela.text
 *(.rela.text)
 *(.rela.text.*)
 *(.rela.gnu.linkonce.t*)

.rel.fini
 *(.rel.fini)

.rela.fini
 *(.rela.fini)

.rel.rodata
 *(.rel.rodata)
 *(.rel.rodata.*)
 *(.rel.gnu.linkonce.r*)

.rela.rodata
 *(.rela.rodata)
 *(.rela.rodata.*)
 *(.rela.gnu.linkonce.r*)

.rel.data
 *(.rel.data)
 *(.rel.data.*)
 *(.rel.gnu.linkonce.d*)

.rela.data
 *(.rela.data)
 *(.rela.data.*)
 *(.rela.gnu.linkonce.d*)

.rel.ctors
 *(.rel.ctors)

.rela.ctors
 *(.rela.ctors)

.rel.dtors
 *(.rel.dtors)

.rela.dtors
 *(.rela.dtors)

.rel.got
 *(.rel.got)

.rela.got
 *(.rela.got)

.rel.bss
 *(.rel.bss)

.rela.bss
 *(.rela.bss)

.rel.plt
 *(.rel.plt)

.rela.plt
 *(.rela.plt)

.text           0x00000000     0x4196
 *(.vectors)
 .vectors       0x00000000       0xe4 c:/program files (x86)/atmel/atmel toolchain/avr8 gcc/native/3.4.1061/avr8-gnu-toolchain/bin/../lib/gcc/avr/4.8.1/../../../../avr/lib/avr6/crtm2560.o
                0x00000000                __vector_default
                0x00000000                __vectors
 *(.vectors)
 *(.progmem.gcc*)
 .progmem.gcc_sw_table.getBMPcoefficients
                0x000000e4       0x2a src/press_sensor.o
 .progmem.gcc_fplib
                0x0000010e       0x28 c:/program files (x86)/atmel/atmel toolchain/avr8 gcc/native/3.4.1061/avr8-gnu-toolchain/bin/../lib/gcc/avr/4.8.1/../../../../avr/lib/avr6\libm.a(exp.o)
 .progmem.gcc_fplib
                0x00000136       0x5a c:/program files (x86)/atmel/atmel toolchain/avr8 gcc/native/3.4.1061/avr8-gnu-toolchain/bin/../lib/gcc/avr/4.8.1/../../../../avr/lib/avr6\libm.a(log.o)
                0x00000190                . = ALIGN (0x2)
                0x00000190                __trampolines_start = .
 *(.trampolines)
 .trampolines   0x00000190       0x30 linker stubs
 *(.trampolines*)
                0x000001c0                __trampolines_end = .
 *(.progmem*)
 .progmem.data  0x000001c0        0x8 c:/program files (x86)/atmel/atmel toolchain/avr8 gcc/native/3.4.1061/avr8-gnu-toolchain/bin/../lib/gcc/avr/4.8.1/../../../../avr/lib/avr6\libprintf_flt.a(vfprintf_flt.o)
 .progmem.data  0x000001c8       0xfa c:/program files (x86)/atmel/atmel toolchain/avr8 gcc/native/3.4.1061/avr8-gnu-toolchain/bin/../lib/gcc/avr/4.8.1/../../../../avr/lib/avr6\libc.a(ftoa_engine.o)
                0x000002c2                . = ALIGN (0x2)
 *(.jumptables)
 *(.jumptables*)
 *(.lowtext)
 *(.lowtext*)
                0x000002c2                __ctors_start = .
 *(.ctors)
                0x000002c2                __ctors_end = .
                0x000002c2                __dtors_start = .
 *(.dtors)
                0x000002c2                __dtors_end = .
 SORT(*)(.ctors)
 SORT(*)(.dtors)
 *(.init0)
 .init0         0x000002c2        0x0 c:/program files (x86)/atmel/atmel toolchain/avr8 gcc/native/3.4.1061/avr8-gnu-toolchain/bin/../lib/gcc/avr/4.8.1/../../../../avr/lib/avr6/crtm2560.o
                0x000002c2                __init
 *(.init0)
 *(.init1)
 *(.init1)
 *(.init2)
 .init2         0x000002c2       0x10 c:/program files (x86)/atmel/atmel toolchain/avr8 gcc/native/3.4.1061/avr8-gnu-toolchain/bin/../lib/gcc/avr/4.8.1/../../../../avr/lib/avr6/crtm2560.o
 *(.init2)
 *(.init3)
 *(.init3)
 *(.init4)
 .init4         0x000002d2       0x1a c:/program files (x86)/atmel/atmel toolchain/avr8 gcc/native/3.4.1061/avr8-gnu-toolchain/bin/../lib/gcc/avr/4.8.1/avr6\libgcc.a(_copy_data.o)
                0x000002d2                __do_copy_data
 .init4         0x000002ec       0x10 c:/program files (x86)/atmel/atmel toolchain/avr8 gcc/native/3.4.1061/avr8-gnu-toolchain/bin/../lib/gcc/avr/4.8.1/avr6\libgcc.a(_clear_bss.o)
                0x000002ec                __do_clear_bss
 *(.init4)
 *(.init5)
 *(.init5)
 *(.init6)
 *(.init6)
 *(.init7)
 *(.init7)
 *(.init8)
 *(.init8)
 *(.init9)
 .init9         0x000002fc        0x8 c:/program files (x86)/atmel/atmel toolchain/avr8 gcc/native/3.4.1061/avr8-gnu-toolchain/bin/../lib/gcc/avr/4.8.1/../../../../avr/lib/avr6/crtm2560.o
 *(.init9)
 *(.text)
 .text          0x00000304        0x4 c:/program files (x86)/atmel/atmel toolchain/avr8 gcc/native/3.4.1061/avr8-gnu-toolchain/bin/../lib/gcc/avr/4.8.1/../../../../avr/lib/avr6/crtm2560.o
                0x00000304                __vector_38
                0x00000304                __vector_22
                0x00000304                __vector_28
                0x00000304                __vector_1
                0x00000304                __vector_32
                0x00000304                __vector_34
                0x00000304                __vector_24
                0x00000304                __vector_12
                0x00000304                __vector_55
                0x00000304                __vector_46
                0x00000304                __bad_interrupt
                0x00000304                __vector_31
                0x00000304                __vector_35
                0x00000304                __vector_39
                0x00000304                __vector_23
                0x00000304                __vector_30
                0x00000304                __vector_45
                0x00000304                __vector_11
                0x00000304                __vector_54
                0x00000304                __vector_13
                0x00000304                __vector_19
                0x00000304                __vector_56
                0x00000304                __vector_7
                0x00000304                __vector_49
                0x00000304                __vector_41
                0x00000304                __vector_43
                0x00000304                __vector_27
                0x00000304                __vector_33
                0x00000304                __vector_47
                0x00000304                __vector_52
                0x00000304                __vector_37
                0x00000304                __vector_44
                0x00000304                __vector_51
                0x00000304                __vector_9
                0x00000304                __vector_2
                0x00000304                __vector_15
                0x00000304                __vector_36
                0x00000304                __vector_29
                0x00000304                __vector_40
                0x00000304                __vector_8
                0x00000304                __vector_26
                0x00000304                __vector_48
                0x00000304                __vector_14
                0x00000304                __vector_53
                0x00000304                __vector_10
                0x00000304                __vector_50
                0x00000304                __vector_16
                0x00000304                __vector_18
                0x00000304                __vector_20
                0x00000304                __vector_42
                0x00000308                . = ALIGN (0x2)
 *(.text.*)
 .text.init_crc8
                0x00000308       0x7a src/crc8.o
                0x00000308                init_crc8
 .text.crc8     0x00000382       0x6a src/crc8.o
                0x00000382                crc8
 .text.twiError
                0x000003ec       0x14 src/press_sensor.o
                0x000003ec                twiError
 .text.getBMP_ID
                0x00000400      0x152 src/press_sensor.o
                0x00000400                getBMP_ID
 .text.getBMPcoefficients
                0x00000552      0x266 src/press_sensor.o
                0x00000552                getBMPcoefficients
 .text.getBMPtemp
                0x000007b8      0x532 src/press_sensor.o
                0x000007b8                getBMPtemp
 .text.getBMPpressure
                0x00000cea      0xb14 src/press_sensor.o
                0x00000cea                getBMPpressure
 .text.SI_readI2Cbyte
                0x000017fe      0x16c src/uv_sensor.o
                0x000017fe                SI_readI2Cbyte
 .text.SI_writeI2Cbyte
                0x0000196a      0x37a src/uv_sensor.o
                0x0000196a                SI_writeI2Cbyte
 .text.SI_readI2Cword
                0x00001ce4      0x1a2 src/uv_sensor.o
                0x00001ce4                SI_readI2Cword
 .text.init_USART0
                0x00001e86       0x46 src/main.o
                0x00001e86                init_USART0
 .text.sendUART0data
                0x00001ecc       0x72 src/main.o
                0x00001ecc                sendUART0data
 .text.toggleLED
                0x00001f3e       0x46 src/main.o
                0x00001f3e                toggleLED
 .text.getTimePacket
                0x00001f84      0x142 src/main.o
                0x00001f84                getTimePacket
 .text.getElevationPacket
                0x000020c6      0x14a src/main.o
                0x000020c6                getElevationPacket
 .text.getADCRangeSetPacket
                0x00002210      0x418 src/main.o
                0x00002210                getADCRangeSetPacket
 .text.__vector_3
                0x00002628       0x64 src/main.o
                0x00002628                __vector_3
 .text.__vector_4
                0x0000268c       0x24 src/main.o
                0x0000268c                __vector_4
 .text.__vector_5
                0x000026b0       0x24 src/main.o
                0x000026b0                __vector_5
 .text.__vector_6
                0x000026d4       0x88 src/main.o
                0x000026d4                __vector_6
 .text.__vector_21
                0x0000275c       0x24 src/main.o
                0x0000275c                __vector_21
 .text.__vector_17
                0x00002780      0x256 src/main.o
                0x00002780                __vector_17
 .text.__vector_25
                0x000029d6       0x6a src/main.o
                0x000029d6                __vector_25
 .text.main     0x00002a40      0x4ee src/main.o
                0x00002a40                main
 .text.avr-libc
                0x00002f2e      0x748 c:/program files (x86)/atmel/atmel toolchain/avr8 gcc/native/3.4.1061/avr8-gnu-toolchain/bin/../lib/gcc/avr/4.8.1/../../../../avr/lib/avr6\libprintf_flt.a(vfprintf_flt.o)
                0x00002f2e                vfprintf
 .text.libgcc.mul
                0x00003676       0x20 c:/program files (x86)/atmel/atmel toolchain/avr8 gcc/native/3.4.1061/avr8-gnu-toolchain/bin/../lib/gcc/avr/4.8.1/avr6\libgcc.a(_mulsi3.o)
                0x00003676                __mulsi3
 .text.libgcc.div
                0x00003696       0x44 c:/program files (x86)/atmel/atmel toolchain/avr8 gcc/native/3.4.1061/avr8-gnu-toolchain/bin/../lib/gcc/avr/4.8.1/avr6\libgcc.a(_udivmodsi4.o)
                0x00003696                __udivmodsi4
 .text.libgcc   0x000036da        0xc c:/program files (x86)/atmel/atmel toolchain/avr8 gcc/native/3.4.1061/avr8-gnu-toolchain/bin/../lib/gcc/avr/4.8.1/avr6\libgcc.a(_tablejump.o)
                0x000036da                __tablejump2__
                0x000036de                __tablejump__
 .text.libgcc.mul
                0x000036e6       0x16 c:/program files (x86)/atmel/atmel toolchain/avr8 gcc/native/3.4.1061/avr8-gnu-toolchain/bin/../lib/gcc/avr/4.8.1/avr6\libgcc.a(_muluhisi3.o)
                0x000036e6                __muluhisi3
 .text.libgcc.mul
                0x000036fc       0x10 c:/program files (x86)/atmel/atmel toolchain/avr8 gcc/native/3.4.1061/avr8-gnu-toolchain/bin/../lib/gcc/avr/4.8.1/avr6\libgcc.a(_mulshisi3.o)
                0x000036fc                __mulshisi3
                0x00003702                __mulohisi3
 .text.libgcc.mul
                0x0000370c       0x1e c:/program files (x86)/atmel/atmel toolchain/avr8 gcc/native/3.4.1061/avr8-gnu-toolchain/bin/../lib/gcc/avr/4.8.1/avr6\libgcc.a(_umulhisi3.o)
                0x0000370c                __umulhisi3
 .text.avr-libc.fplib
                0x0000372a        0xa c:/program files (x86)/atmel/atmel toolchain/avr8 gcc/native/3.4.1061/avr8-gnu-toolchain/bin/../lib/gcc/avr/4.8.1/../../../../avr/lib/avr6\libm.a(addsf3.o)
                0x0000372a                __subsf3
                0x0000372c                __addsf3
 .text.avr-libc.fplib
                0x00003734       0xc0 c:/program files (x86)/atmel/atmel toolchain/avr8 gcc/native/3.4.1061/avr8-gnu-toolchain/bin/../lib/gcc/avr/4.8.1/../../../../avr/lib/avr6\libm.a(addsf3x.o)
                0x0000374e                __addsf3x
 .text.avr-libc.fplib
                0x000037f4        0x8 c:/program files (x86)/atmel/atmel toolchain/avr8 gcc/native/3.4.1061/avr8-gnu-toolchain/bin/../lib/gcc/avr/4.8.1/../../../../avr/lib/avr6\libm.a(cmpsf2.o)
                0x000037f4                __nesf2
                0x000037f4                __eqsf2
                0x000037f4                __cmpsf2
                0x000037f4                __ltsf2
                0x000037f4                __lesf2
 .text.avr-libc.fplib
                0x000037fc        0x4 c:/program files (x86)/atmel/atmel toolchain/avr8 gcc/native/3.4.1061/avr8-gnu-toolchain/bin/../lib/gcc/avr/4.8.1/../../../../avr/lib/avr6\libm.a(divsf3.o)
                0x000037fc                __divsf3
 .text.avr-libc.fplib
                0x00003800       0xcc c:/program files (x86)/atmel/atmel toolchain/avr8 gcc/native/3.4.1061/avr8-gnu-toolchain/bin/../lib/gcc/avr/4.8.1/../../../../avr/lib/avr6\libm.a(divsf3x.o)
                0x00003816                __divsf3x
                0x0000381a                __divsf3_pse
 .text.avr-libc.fplib
                0x000038cc        0xa c:/program files (x86)/atmel/atmel toolchain/avr8 gcc/native/3.4.1061/avr8-gnu-toolchain/bin/../lib/gcc/avr/4.8.1/../../../../avr/lib/avr6\libm.a(fixsfsi.o)
                0x000038cc                __fixsfsi
 .text.avr-libc.fplib
                0x000038d6       0x58 c:/program files (x86)/atmel/atmel toolchain/avr8 gcc/native/3.4.1061/avr8-gnu-toolchain/bin/../lib/gcc/avr/4.8.1/../../../../avr/lib/avr6\libm.a(fixunssfsi.o)
                0x000038d6                __fixunssfsi
 .text.avr-libc.fplib
                0x0000392e       0x7a c:/program files (x86)/atmel/atmel toolchain/avr8 gcc/native/3.4.1061/avr8-gnu-toolchain/bin/../lib/gcc/avr/4.8.1/../../../../avr/lib/avr6\libm.a(floatsisf.o)
                0x0000392e                __floatunsisf
                0x00003932                __floatsisf
 .text.avr-libc.fplib
                0x000039a8       0x48 c:/program files (x86)/atmel/atmel toolchain/avr8 gcc/native/3.4.1061/avr8-gnu-toolchain/bin/../lib/gcc/avr/4.8.1/../../../../avr/lib/avr6\libm.a(fp_cmp.o)
                0x000039a8                __fp_cmp
 .text.avr-libc.fplib
                0x000039f0        0xc c:/program files (x86)/atmel/atmel toolchain/avr8 gcc/native/3.4.1061/avr8-gnu-toolchain/bin/../lib/gcc/avr/4.8.1/../../../../avr/lib/avr6\libm.a(fp_inf.o)
                0x000039f0                __fp_inf
 .text.avr-libc.fplib
                0x000039fc        0x6 c:/program files (x86)/atmel/atmel toolchain/avr8 gcc/native/3.4.1061/avr8-gnu-toolchain/bin/../lib/gcc/avr/4.8.1/../../../../avr/lib/avr6\libm.a(fp_nan.o)
                0x000039fc                __fp_nan
 .text.avr-libc.fplib
                0x00003a02        0xe c:/program files (x86)/atmel/atmel toolchain/avr8 gcc/native/3.4.1061/avr8-gnu-toolchain/bin/../lib/gcc/avr/4.8.1/../../../../avr/lib/avr6\libm.a(fp_pscA.o)
                0x00003a02                __fp_pscA
 .text.avr-libc.fplib
                0x00003a10        0xe c:/program files (x86)/atmel/atmel toolchain/avr8 gcc/native/3.4.1061/avr8-gnu-toolchain/bin/../lib/gcc/avr/4.8.1/../../../../avr/lib/avr6\libm.a(fp_pscB.o)
                0x00003a10                __fp_pscB
 .text.avr-libc.fplib
                0x00003a1e       0x22 c:/program files (x86)/atmel/atmel toolchain/avr8 gcc/native/3.4.1061/avr8-gnu-toolchain/bin/../lib/gcc/avr/4.8.1/../../../../avr/lib/avr6\libm.a(fp_round.o)
                0x00003a1e                __fp_round
 .text.avr-libc.fplib
                0x00003a40       0x44 c:/program files (x86)/atmel/atmel toolchain/avr8 gcc/native/3.4.1061/avr8-gnu-toolchain/bin/../lib/gcc/avr/4.8.1/../../../../avr/lib/avr6\libm.a(fp_split3.o)
                0x00003a40                __fp_split3
                0x00003a50                __fp_splitA
 .text.avr-libc.fplib
                0x00003a84        0xe c:/program files (x86)/atmel/atmel toolchain/avr8 gcc/native/3.4.1061/avr8-gnu-toolchain/bin/../lib/gcc/avr/4.8.1/../../../../avr/lib/avr6\libm.a(fp_zero.o)
                0x00003a84                __fp_zero
                0x00003a86                __fp_szero
 .text.avr-libc.fplib
                0x00003a92        0x8 c:/program files (x86)/atmel/atmel toolchain/avr8 gcc/native/3.4.1061/avr8-gnu-toolchain/bin/../lib/gcc/avr/4.8.1/../../../../avr/lib/avr6\libm.a(gesf2.o)
                0x00003a92                __gesf2
                0x00003a92                __gtsf2
 .text.avr-libc.fplib
                0x00003a9a        0x4 c:/program files (x86)/atmel/atmel toolchain/avr8 gcc/native/3.4.1061/avr8-gnu-toolchain/bin/../lib/gcc/avr/4.8.1/../../../../avr/lib/avr6\libm.a(mulsf3.o)
                0x00003a9a                __mulsf3
 .text.avr-libc.fplib
                0x00003a9e       0xc2 c:/program files (x86)/atmel/atmel toolchain/avr8 gcc/native/3.4.1061/avr8-gnu-toolchain/bin/../lib/gcc/avr/4.8.1/../../../../avr/lib/avr6\libm.a(mulsf3x.o)
                0x00003ab2                __mulsf3x
                0x00003ab6                __mulsf3_pse
 .text.avr-libc.fplib
                0x00003b60       0x98 c:/program files (x86)/atmel/atmel toolchain/avr8 gcc/native/3.4.1061/avr8-gnu-toolchain/bin/../lib/gcc/avr/4.8.1/../../../../avr/lib/avr6\libm.a(pow.o)
                0x00003b60                pow
 .text.avr-libc.fplib
                0x00003bf8       0x62 c:/program files (x86)/atmel/atmel toolchain/avr8 gcc/native/3.4.1061/avr8-gnu-toolchain/bin/../lib/gcc/avr/4.8.1/../../../../avr/lib/avr6\libm.a(exp.o)
                0x00003c02                exp
 .text.avr-libc.fplib
                0x00003c5a       0x4a c:/program files (x86)/atmel/atmel toolchain/avr8 gcc/native/3.4.1061/avr8-gnu-toolchain/bin/../lib/gcc/avr/4.8.1/../../../../avr/lib/avr6\libm.a(fp_powser.o)
                0x00003c5a                __fp_powser
 .text.avr-libc.fplib
                0x00003ca4        0xe c:/program files (x86)/atmel/atmel toolchain/avr8 gcc/native/3.4.1061/avr8-gnu-toolchain/bin/../lib/gcc/avr/4.8.1/../../../../avr/lib/avr6\libm.a(inverse.o)
                0x00003ca4                inverse
 .text.avr-libc.fplib
                0x00003cb2       0x6c c:/program files (x86)/atmel/atmel toolchain/avr8 gcc/native/3.4.1061/avr8-gnu-toolchain/bin/../lib/gcc/avr/4.8.1/../../../../avr/lib/avr6\libm.a(ldexp.o)
                0x00003cb6                ldexp
 .text.avr-libc.fplib
                0x00003d1e       0x8a c:/program files (x86)/atmel/atmel toolchain/avr8 gcc/native/3.4.1061/avr8-gnu-toolchain/bin/../lib/gcc/avr/4.8.1/../../../../avr/lib/avr6\libm.a(log.o)
                0x00003d28                log
 .text.avr-libc.fplib
                0x00003da8       0x66 c:/program files (x86)/atmel/atmel toolchain/avr8 gcc/native/3.4.1061/avr8-gnu-toolchain/bin/../lib/gcc/avr/4.8.1/../../../../avr/lib/avr6\libm.a(modf.o)
                0x00003da8                modf
                0x00003da8                modff
 .text.avr-libc.fplib
                0x00003e0e       0x1c c:/program files (x86)/atmel/atmel toolchain/avr8 gcc/native/3.4.1061/avr8-gnu-toolchain/bin/../lib/gcc/avr/4.8.1/../../../../avr/lib/avr6\libm.a(fp_mpack.o)
                0x00003e0e                __fp_mpack
                0x00003e12                __fp_mpack_finite
 .text.avr-libc
                0x00003e2a      0x1b0 c:/program files (x86)/atmel/atmel toolchain/avr8 gcc/native/3.4.1061/avr8-gnu-toolchain/bin/../lib/gcc/avr/4.8.1/../../../../avr/lib/avr6\libc.a(ftoa_engine.o)
                0x00003e2a                __ftoa_engine
 .text.avr-libc
                0x00003fda       0x16 c:/program files (x86)/atmel/atmel toolchain/avr8 gcc/native/3.4.1061/avr8-gnu-toolchain/bin/../lib/gcc/avr/4.8.1/../../../../avr/lib/avr6\libc.a(strnlen_P.o)
                0x00003fda                strnlen_P
 .text.avr-libc
                0x00003ff0        0xe c:/program files (x86)/atmel/atmel toolchain/avr8 gcc/native/3.4.1061/avr8-gnu-toolchain/bin/../lib/gcc/avr/4.8.1/../../../../avr/lib/avr6\libc.a(memset.o)
                0x00003ff0                memset
 .text.avr-libc
                0x00003ffe       0x16 c:/program files (x86)/atmel/atmel toolchain/avr8 gcc/native/3.4.1061/avr8-gnu-toolchain/bin/../lib/gcc/avr/4.8.1/../../../../avr/lib/avr6\libc.a(strnlen.o)
                0x00003ffe                strnlen
 .text.avr-libc
                0x00004014       0x64 c:/program files (x86)/atmel/atmel toolchain/avr8 gcc/native/3.4.1061/avr8-gnu-toolchain/bin/../lib/gcc/avr/4.8.1/../../../../avr/lib/avr6\libc.a(fputc.o)
                0x00004014                fputc
 .text.avr-libc
                0x00004078       0x5e c:/program files (x86)/atmel/atmel toolchain/avr8 gcc/native/3.4.1061/avr8-gnu-toolchain/bin/../lib/gcc/avr/4.8.1/../../../../avr/lib/avr6\libc.a(sprintf.o)
                0x00004078                sprintf
 .text.avr-libc
                0x000040d6       0xbc c:/program files (x86)/atmel/atmel toolchain/avr8 gcc/native/3.4.1061/avr8-gnu-toolchain/bin/../lib/gcc/avr/4.8.1/../../../../avr/lib/avr6\libc.a(ultoa_invert.o)
                0x000040d6                __ultoa_invert
                0x00004192                . = ALIGN (0x2)
 *(.fini9)
 .fini9         0x00004192        0x0 c:/program files (x86)/atmel/atmel toolchain/avr8 gcc/native/3.4.1061/avr8-gnu-toolchain/bin/../lib/gcc/avr/4.8.1/avr6\libgcc.a(_exit.o)
                0x00004192                _exit
                0x00004192                exit
 *(.fini9)
 *(.fini8)
 *(.fini8)
 *(.fini7)
 *(.fini7)
 *(.fini6)
 *(.fini6)
 *(.fini5)
 *(.fini5)
 *(.fini4)
 *(.fini4)
 *(.fini3)
 *(.fini3)
 *(.fini2)
 *(.fini2)
 *(.fini1)
 *(.fini1)
 *(.fini0)
 .fini0         0x00004192        0x4 c:/program files (x86)/atmel/atmel toolchain/avr8 gcc/native/3.4.1061/avr8-gnu-toolchain/bin/../lib/gcc/avr/4.8.1/avr6\libgcc.a(_exit.o)
 *(.fini0)
                0x00004196                _etext = .

.data           0x00800200      0x1d0 load address 0x00004196
                0x00800200                PROVIDE (__data_start, .)
 *(.data)
 *(.data*)
 .data.oss      0x00800200        0x1 src/press_sensor.o
 .data.elevation
                0x00800201        0x2 src/main.o
 *(.rodata)
 .rodata        0x00800203      0x1cc src/main.o
 *(.rodata*)
 *(.gnu.linkonce.d*)
                0x008003d0                . = ALIGN (0x2)
 *fill*         0x008003cf        0x1 
                0x008003d0                _edata = .
                0x008003d0                PROVIDE (__data_end, .)

.bss            0x008003d0      0x1c3
                0x008003d0                PROVIDE (__bss_start, .)
 *(.bss)
 *(.bss*)
 .bss.made_table
                0x008003d0        0x1 src/crc8.o
 .bss.b5_2      0x008003d1        0x4 src/press_sensor.o
 .bss.isLED     0x008003d5        0x1 src/main.o
 .bss.isPressureSensorPresent
                0x008003d6        0x1 src/main.o
 .bss.isLightSensorPresent
                0x008003d7        0x1 src/main.o
 .bss.data      0x008003d8       0x80 src/main.o
 .bss.temperature
                0x00800458        0x4 src/main.o
 .bss.pressure  0x0080045c        0x4 src/main.o
 .bss.rawLightData
                0x00800460        0x2 src/main.o
 .bss.uvIndex   0x00800462        0x2 src/main.o
 *(COMMON)
 COMMON         0x00800464      0x100 src/crc8.o
                0x00800464                crc8_table
 COMMON         0x00800564       0x16 src/press_sensor.o
                0x00800564                bmp
 COMMON         0x0080057a       0x19 src/main.o
                0x0080057a                rxByteCount
                0x0080057b                rxPacket
                0x0080058b                datetime
                0x00800592                byteDelayCount
                0x00800593                PROVIDE (__bss_end, .)
                0x00004196                __data_load_start = LOADADDR (.data)
                0x00004366                __data_load_end = (__data_load_start + SIZEOF (.data))

.noinit         0x00800593        0x0
                0x00800593                PROVIDE (__noinit_start, .)
 *(.noinit*)
                0x00800593                PROVIDE (__noinit_end, .)
                0x00800593                _end = .
                0x00800593                PROVIDE (__heap_start, .)

.eeprom         0x00810000        0x0
 *(.eeprom*)
                0x00810000                __eeprom_end = .

.fuse
 *(.fuse)
 *(.lfuse)
 *(.hfuse)
 *(.efuse)

.lock
 *(.lock*)

.signature
 *(.signature*)

.user_signatures
 *(.user_signatures*)

.stab
 *(.stab)

.stabstr
 *(.stabstr)

.stab.excl
 *(.stab.excl)

.stab.exclstr
 *(.stab.exclstr)

.stab.index
 *(.stab.index)

.stab.indexstr
 *(.stab.indexstr)

.comment        0x00000000       0x5c
 *(.comment)
 .comment       0x00000000       0x30 src/crc8.o
                                 0x31 (size before relaxing)
 .comment       0x00000000       0x31 src/press_sensor.o
 .comment       0x00000000       0x31 src/uv_sensor.o
 .comment       0x00000000       0x31 src/main.o
 .comment       0x00000030       0x2c c:/program files (x86)/atmel/atmel toolchain/avr8 gcc/native/3.4.1061/avr8-gnu-toolchain/bin/../lib/gcc/avr/4.8.1/../../../../avr/lib/avr6\libprintf_flt.a(vfprintf_flt.o)
                                 0x2d (size before relaxing)
 .comment       0x00000000       0x31 c:/program files (x86)/atmel/atmel toolchain/avr8 gcc/native/3.4.1061/avr8-gnu-toolchain/bin/../lib/gcc/avr/4.8.1/../../../../avr/lib/avr6\libc.a(fputc.o)
 .comment       0x00000000       0x31 c:/program files (x86)/atmel/atmel toolchain/avr8 gcc/native/3.4.1061/avr8-gnu-toolchain/bin/../lib/gcc/avr/4.8.1/../../../../avr/lib/avr6\libc.a(sprintf.o)

.note.gnu.build-id
 *(.note.gnu.build-id)

.debug
 *(.debug)

.line
 *(.line)

.debug_srcinfo
 *(.debug_srcinfo)

.debug_sfnames
 *(.debug_sfnames)

.debug_aranges  0x00000000      0x130
 *(.debug_aranges)
 .debug_aranges
                0x00000000       0x28 src/crc8.o
 .debug_aranges
                0x00000028       0x48 src/press_sensor.o
 .debug_aranges
                0x00000070       0x30 src/uv_sensor.o
 .debug_aranges
                0x000000a0       0x90 src/main.o

.debug_pubnames
 *(.debug_pubnames)

.debug_info     0x00000000      0xf5e
 *(.debug_info .gnu.linkonce.wi.*)
 .debug_info    0x00000000      0x159 src/crc8.o
 .debug_info    0x00000159      0x4e7 src/press_sensor.o
 .debug_info    0x00000640      0x20f src/uv_sensor.o
 .debug_info    0x0000084f      0x70f src/main.o

.debug_abbrev   0x00000000      0x5ad
 *(.debug_abbrev)
 .debug_abbrev  0x00000000       0xcb src/crc8.o
 .debug_abbrev  0x000000cb      0x1da src/press_sensor.o
 .debug_abbrev  0x000002a5      0x121 src/uv_sensor.o
 .debug_abbrev  0x000003c6      0x1e7 src/main.o

.debug_line     0x00000000     0x2787
 *(.debug_line .debug_line.* .debug_line_end)
 .debug_line    0x00000000      0x222 src/crc8.o
 .debug_line    0x00000222      0xe0b src/press_sensor.o
 .debug_line    0x0000102d      0x9e8 src/uv_sensor.o
 .debug_line    0x00001a15      0xd72 src/main.o

.debug_frame    0x00000000      0x4f4
 *(.debug_frame)
 .debug_frame   0x00000000       0x54 src/crc8.o
 .debug_frame   0x00000054      0x11c src/press_sensor.o
 .debug_frame   0x00000170       0x74 src/uv_sensor.o
 .debug_frame   0x000001e4      0x310 src/main.o

.debug_str      0x00000000    0x11cf8
 *(.debug_str)
 .debug_str     0x00000000     0x3cef src/crc8.o
                               0x3dc3 (size before relaxing)
 .debug_str     0x00003cef     0xd495 src/press_sensor.o
                              0x1138d (size before relaxing)
 .debug_str     0x00011184      0x781 src/uv_sensor.o
                              0x11a19 (size before relaxing)
 .debug_str     0x00011905      0x3f3 src/main.o
                              0x11d68 (size before relaxing)

.debug_loc      0x00000000      0xa8a
 *(.debug_loc)
 .debug_loc     0x00000000       0x90 src/crc8.o
 .debug_loc     0x00000090      0x258 src/press_sensor.o
 .debug_loc     0x000002e8       0xd6 src/uv_sensor.o
 .debug_loc     0x000003be      0x6cc src/main.o

.debug_macinfo
 *(.debug_macinfo)

.debug_weaknames
 *(.debug_weaknames)

.debug_funcnames
 *(.debug_funcnames)

.debug_typenames
 *(.debug_typenames)

.debug_varnames
 *(.debug_varnames)

.debug_pubtypes
 *(.debug_pubtypes)

.debug_ranges   0x00000000       0xf0
 *(.debug_ranges)
 .debug_ranges  0x00000000       0x18 src/crc8.o
 .debug_ranges  0x00000018       0x38 src/press_sensor.o
 .debug_ranges  0x00000050       0x20 src/uv_sensor.o
 .debug_ranges  0x00000070       0x80 src/main.o

.debug_macro    0x00000000     0x4cfd
 *(.debug_macro)
 .debug_macro   0x00000000       0x5f src/crc8.o
 .debug_macro   0x0000005f      0xa60 src/crc8.o
 .debug_macro   0x00000abf      0x1ad src/crc8.o
 .debug_macro   0x00000c6c      0x293 src/crc8.o
 .debug_macro   0x00000eff       0x58 src/crc8.o
 .debug_macro   0x00000f57       0x10 src/crc8.o
 .debug_macro   0x00000f67       0x97 src/crc8.o
 .debug_macro   0x00000ffe       0xeb src/crc8.o
 .debug_macro   0x000010e9      0x228 src/press_sensor.o
 .debug_macro   0x00001311       0x10 src/press_sensor.o
 .debug_macro   0x00001321       0x9e src/press_sensor.o
 .debug_macro   0x000013bf     0x1e62 src/press_sensor.o
 .debug_macro   0x00003221       0xdc src/press_sensor.o
 .debug_macro   0x000032fd      0x2ea src/press_sensor.o
 .debug_macro   0x000035e7       0xd9 src/press_sensor.o
 .debug_macro   0x000036c0       0x34 src/press_sensor.o
 .debug_macro   0x000036f4       0x18 src/press_sensor.o
 .debug_macro   0x0000370c       0x6c src/press_sensor.o
 .debug_macro   0x00003778       0x22 src/press_sensor.o
 .debug_macro   0x0000379a      0x166 src/press_sensor.o
 .debug_macro   0x00003900       0x1c src/press_sensor.o
 .debug_macro   0x0000391c       0x35 src/press_sensor.o
 .debug_macro   0x00003951       0x66 src/press_sensor.o
 .debug_macro   0x000039b7      0x373 src/press_sensor.o
 .debug_macro   0x00003d2a       0x44 src/press_sensor.o
 .debug_macro   0x00003d6e       0x69 src/press_sensor.o
 .debug_macro   0x00003dd7       0x2c src/press_sensor.o
 .debug_macro   0x00003e03       0x10 src/press_sensor.o
 .debug_macro   0x00003e13      0x175 src/press_sensor.o
 .debug_macro   0x00003f88       0x40 src/press_sensor.o
 .debug_macro   0x00003fc8      0x100 src/press_sensor.o
 .debug_macro   0x000040c8       0x22 src/press_sensor.o
 .debug_macro   0x000040ea       0x8c src/press_sensor.o
 .debug_macro   0x00004176       0x40 src/press_sensor.o
 .debug_macro   0x000041b6      0x1f8 src/press_sensor.o
 .debug_macro   0x000043ae       0x3a src/press_sensor.o
 .debug_macro   0x000043e8       0x7f src/press_sensor.o
 .debug_macro   0x00004467       0x10 src/press_sensor.o
 .debug_macro   0x00004477      0x167 src/press_sensor.o
 .debug_macro   0x000045de      0x231 src/uv_sensor.o
 .debug_macro   0x0000480f      0x276 src/uv_sensor.o
 .debug_macro   0x00004a85      0x234 src/main.o
 .debug_macro   0x00004cb9       0x2e src/main.o
 .debug_macro   0x00004ce7       0x16 src/main.o
OUTPUT(WX.elf elf32-avr)
LOAD linker stubs
